// Jest Snapshot v1, https://goo.gl/fbAQLP

exports[`matched snapshot 1`] = `
<DocumentFragment>
  <div>
     
    <h1>
      To Do: 
    </h1>
    <form>
       
      <label
        for="task"
      >
        New Task: 
      </label>
      <input
        id="task"
        name="task"
        placeholder="Enter task here"
        type="text"
        value=""
      />
      <button>
        Add Task
      </button>
    </form>
  </div>
</DocumentFragment>
`;

exports[`matches snapshot 1`] = `
<DocumentFragment>
  <div>
     
    <h1>
      To Do: 
    </h1>
    <form>
       
      <label
        for="task"
      >
        New Task: 
      </label>
      <input
        id="task"
        name="task"
        placeholder="Enter task here"
        type="text"
        value=""
      />
      <button>
        Add Task
      </button>
    </form>
  </div>
</DocumentFragment>
`;
