// Jest Snapshot v1, https://goo.gl/fbAQLP

exports[`matches snapshot 1`] = `
<DocumentFragment>
  <div
    class=" Box "
    style="background-color: yellow; width: 200px; height: 200px;"
  >
     
    <button
      class="delete-btn"
    >
      x
    </button>
  </div>
</DocumentFragment>
`;
